// Jest Snapshot v1, https://goo.gl/fbAQLP

exports[`renders correctly 1`] = `
<View
  style={
    Object {
      "marginHorizontal": 16,
      "marginTop": 40,
    }
  }
>
  <View
    accessibilityRole="button"
    accessibilityStates={Array []}
    accessible={true}
    focusable={true}
    isTVSelectable={true}
    onClick={[Function]}
    onResponderGrant={[Function]}
    onResponderMove={[Function]}
    onResponderRelease={[Function]}
    onResponderTerminate={[Function]}
    onResponderTerminationRequest={[Function]}
    onStartShouldSetResponder={[Function]}
    style={
      Object {
        "opacity": 1,
      }
    }
  >
    <View
      style={
        Array [
          Object {},
        ]
      }
    >
      <Text
        style={
          Array [
            Object {
              "color": "#007AFF",
              "fontSize": 18,
              "padding": 8,
              "textAlign": "center",
            },
          ]
        }
      >
        Track Event Test
      </Text>
    </View>
  </View>
  <TextInput
    allowFontScaling={true}
    keyboardType="decimal-pad"
    onChangeText={[Function]}
    placeholder="Current inflation rate"
    rejectResponderTermination={true}
    style={
      Object {
        "borderColor": "gray",
        "borderWidth": 1,
        "height": 30,
        "marginTop": 10,
      }
    }
    underlineColorAndroid="transparent"
  />
  <TextInput
    allowFontScaling={true}
    keyboardType="decimal-pad"
    onChangeText={[Function]}
    placeholder="Current risk free rate"
    rejectResponderTermination={true}
    style={
      Object {
        "borderColor": "gray",
        "borderWidth": 1,
        "height": 30,
        "marginTop": 10,
      }
    }
    underlineColorAndroid="transparent"
  />
  <TextInput
    allowFontScaling={true}
    keyboardType="decimal-pad"
    onChangeText={[Function]}
    placeholder="Amount you want to save"
    rejectResponderTermination={true}
    style={
      Object {
        "borderColor": "gray",
        "borderWidth": 1,
        "height": 30,
        "marginTop": 10,
      }
    }
    underlineColorAndroid="transparent"
  />
  <TextInput
    allowFontScaling={true}
    keyboardType="decimal-pad"
    onChangeText={[Function]}
    placeholder="For how long (in years) will you save?"
    rejectResponderTermination={true}
    style={
      Object {
        "borderColor": "gray",
        "borderWidth": 1,
        "height": 30,
        "marginTop": 10,
      }
    }
    underlineColorAndroid="transparent"
  />
  <View
    accessibilityRole="button"
    accessibilityStates={Array []}
    accessible={true}
    focusable={true}
    isTVSelectable={true}
    onClick={[Function]}
    onResponderGrant={[Function]}
    onResponderMove={[Function]}
    onResponderRelease={[Function]}
    onResponderTerminate={[Function]}
    onResponderTerminationRequest={[Function]}
    onStartShouldSetResponder={[Function]}
    style={
      Object {
        "opacity": 1,
      }
    }
  >
    <View
      style={
        Array [
          Object {},
        ]
      }
    >
      <Text
        style={
          Array [
            Object {
              "color": "#007AFF",
              "fontSize": 18,
              "padding": 8,
              "textAlign": "center",
            },
          ]
        }
      >
        Calculate inflation
      </Text>
    </View>
  </View>
  <Text
    style={
      Object {
        "marginTop": 10,
      }
    }
  >
    1
     years from now you will still have $
    0
     but it will only be worth $
    0
    .
  </Text>
  <Text
    style={
      Object {
        "marginTop": 10,
      }
    }
  >
    But if you invest it at a risk free rate you will have $
    0
    .
  </Text>
  <Text
    style={
      Object {
        "marginTop": 10,
      }
    }
  >
    Which will be worth $
    0
     after inflation.
  </Text>
  <Text
    style={
      Object {
        "marginTop": 10,
      }
    }
  >
    A difference of: $
    0
    .
  </Text>
</View>
`;
